== role presets ==
curves read base at level 1 to max at level 60

blighter, formation column 1
  the slow one that wins by attrition: poison first, outlast the answer, and hit hard enough that ignoring it is not an option
  demands  a character built from it must carry grass
  hp 1300->3800  attack 230->620  defense 200->520  speed 45->100  accuracy 60->140  dodge 22->50
  level 1  hp 1300, atk 230, def 200, spd 45, acc 60, ddg 22
           absorbs 2166 of the 11500 budget, 9334 to spare
  level 30 hp 2528, atk 421, def 357, spd 72, acc 99, ddg 35
           absorbs 5543 of the 11500 budget, 5957 to spare
  level 60 hp 3800, atk 620, def 520, spd 100, acc 140, ddg 50
           absorbs 10410 of the 11500 budget, 1090 to spare
  kit      vine_whip razor_leaf sleep_powder poison_powder sludge_bomb venoshock leech_seed

scorcher, formation column 0
  the fast one that wins before attrition matters: set the target alight, then cash the burn in with a bigger hit than it can trade back
  demands  a character built from it must carry fire
  hp 1000->3100  attack 260->700  defense 150->400  speed 62->140  accuracy 65->150  dodge 30->70
  level 1  hp 1000, atk 260, def 150, spd 62, acc 65, ddg 30
           absorbs 1501 of the 11500 budget, 9999 to spare
  level 30 hp 2032, atk 476, def 272, spd 100, acc 106, ddg 49
           absorbs 3877 of the 11500 budget, 7623 to spare
  level 60 hp 3100, atk 700, def 400, spd 140, acc 150, ddg 70
           absorbs 7242 of the 11500 budget, 4258 to spare
  kit      ember flamethrower fire_fang fire_spin heat_wave inferno smokescreen

warden, formation column 0
  the one that makes the other side's turn not work: slow the approach, shrug off the hit that lands, and still be standing when the burst is spent
  demands  a character built from it must carry water
  hp 1200->3600  attack 155->460  defense 215->640  speed 28->85  accuracy 46->135  dodge 13->38
  level 1  hp 1200, atk 155, def 215, spd 28, acc 46, ddg 13
           absorbs 2061 of the 11500 budget, 9439 to spare
  level 30 hp 2379, atk 304, def 423, spd 56, acc 89, ddg 25
           absorbs 5746 of the 11500 budget, 5754 to spare
  level 60 hp 3600, atk 460, def 640, spd 85, acc 135, ddg 38
           absorbs 11285 of the 11500 budget, 215 to spare
  kit      water_gun bubble whirlpool bite brine hydro_pump withdraw aqua_ring rapid_spin

summoner, formation column 1
  the one that fights with more bodies than it has: put copies on the board and let them spend the turns, from a row back where the copies are in the way
  demands  a character built from it must carry wind
  hp 1020->3200  attack 180->540  defense 130->380  speed 48->120  accuracy 64->155  dodge 26->62
  level 1  hp 1020, atk 180, def 130, spd 48, acc 64, ddg 26
           absorbs 1463 of the 11500 budget, 10037 to spare
  level 30 hp 2091, atk 356, def 252, spd 83, acc 108, ddg 43
           absorbs 3850 of the 11500 budget, 7650 to spare
  level 60 hp 3200, atk 540, def 380, spd 120, acc 155, ddg 62
           absorbs 7256 of the 11500 budget, 4244 to spare
  kit      kunai wind_shuriken rasengan substitution shadow_clone summon_toad

bruiser, formation column 0
  the one that trades reach for repetition: stand in the front rank and land more blows than a guard has charges to spend, so a wall's turn buys less than it paid for
  demands  a character built from it must carry water
  hp 1272->3700  attack 227->660  defense 192->560  speed 31->90  accuracy 48->140  dodge 14->40
  level 1  hp 1272, atk 227, def 192, spd 31, acc 48, ddg 14
           absorbs 2088 of the 11500 budget, 9412 to spare
  level 30 hp 2465, atk 439, def 372, spd 60, acc 93, ddg 26
           absorbs 5526 of the 11500 budget, 5974 to spare
  level 60 hp 3700, atk 660, def 560, spd 90, acc 140, ddg 40
           absorbs 10632 of the 11500 budget, 868 to spare
  kit      water_gun bubble bubble_beam whirlpool body_slam brine pummel submission hydro_pump

5 presets
