== role presets ==
curves read base at level 1 to max at level 60

blighter, formation column 1
  the slow one that wins by attrition: poison first, outlast the answer, and hit hard enough that ignoring it is not an option
  demands  a character built from it must carry grass
  hp 1300->3800  attack 230->620  defense 200->520  speed 45->100  accuracy 60->140  dodge 22->50
  level 1  hp 1300, atk 230, def 200, spd 45, acc 60, ddg 22
           absorbs 2166 of the 11500 budget, 9334 to spare
  level 30 hp 2528, atk 421, def 357, spd 72, acc 99, ddg 35
           absorbs 5543 of the 11500 budget, 5957 to spare
  level 60 hp 3800, atk 620, def 520, spd 100, acc 140, ddg 50
           absorbs 10410 of the 11500 budget, 1090 to spare
  kit      vine_whip razor_leaf sleep_powder poison_powder sludge_bomb venoshock leech_seed

scorcher, formation column 0
  the fast one that wins before attrition matters: set the target alight, then cash the burn in with a bigger hit than it can trade back
  demands  a character built from it must carry fire
  hp 1000->3100  attack 260->700  defense 150->400  speed 62->140  accuracy 65->150  dodge 30->70
  level 1  hp 1000, atk 260, def 150, spd 62, acc 65, ddg 30
           absorbs 1501 of the 11500 budget, 9999 to spare
  level 30 hp 2032, atk 476, def 272, spd 100, acc 106, ddg 49
           absorbs 3877 of the 11500 budget, 7623 to spare
  level 60 hp 3100, atk 700, def 400, spd 140, acc 150, ddg 70
           absorbs 7242 of the 11500 budget, 4258 to spare
  kit      ember flamethrower fire_fang fire_spin heat_wave inferno smokescreen

warden, formation column 0
  the one that makes the other side's turn not work: slow the approach, shrug off the hit that lands, and still be standing when the burst is spent
  demands  a character built from it must carry water
  hp 1200->3600  attack 155->460  defense 215->640  speed 28->85  accuracy 46->135  dodge 13->38
  level 1  hp 1200, atk 155, def 215, spd 28, acc 46, ddg 13
           absorbs 2061 of the 11500 budget, 9439 to spare
  level 30 hp 2379, atk 304, def 423, spd 56, acc 89, ddg 25
           absorbs 5746 of the 11500 budget, 5754 to spare
  level 60 hp 3600, atk 460, def 640, spd 85, acc 135, ddg 38
           absorbs 11285 of the 11500 budget, 215 to spare
  kit      water_gun bubble whirlpool bite brine hydro_pump withdraw aqua_ring rapid_spin

summoner, formation column 1
  the one that fights with more bodies than it has: put copies on the board and let them spend the turns, from a row back where the copies are in the way
  demands  a character built from it must carry wind
  hp 1020->3200  attack 180->540  defense 130->380  speed 48->120  accuracy 64->155  dodge 26->62
  level 1  hp 1020, atk 180, def 130, spd 48, acc 64, ddg 26
           absorbs 1463 of the 11500 budget, 10037 to spare
  level 30 hp 2091, atk 356, def 252, spd 83, acc 108, ddg 43
           absorbs 3850 of the 11500 budget, 7650 to spare
  level 60 hp 3200, atk 540, def 380, spd 120, acc 155, ddg 62
           absorbs 7256 of the 11500 budget, 4244 to spare
  kit      kunai wind_shuriken rasengan substitution shadow_clone summon_toad

bruiser, formation column 0
  the one that trades reach for repetition: stand in the front rank and land more blows than a guard has charges to spend, so a wall's turn buys less than it paid for
  demands  a character built from it must carry water
  hp 1272->3700  attack 227->660  defense 192->560  speed 31->90  accuracy 48->140  dodge 14->40
  level 1  hp 1272, atk 227, def 192, spd 31, acc 48, ddg 14
           absorbs 2088 of the 11500 budget, 9412 to spare
  level 30 hp 2465, atk 439, def 372, spd 60, acc 93, ddg 26
           absorbs 5526 of the 11500 budget, 5974 to spare
  level 60 hp 3700, atk 660, def 560, spd 90, acc 140, ddg 40
           absorbs 10632 of the 11500 budget, 868 to spare
  kit      water_gun bubble bubble_beam whirlpool body_slam brine pummel submission hydro_pump

slugger, formation column 0
  the one that swings for the whole battle at once: the heaviest blow in the cast behind the worst odds of landing it, and the accuracy to buy those odds back
  demands  a character built from it must carry ground
  hp 1135->3300  attack 261->760  defense 158->460  speed 29->85  accuracy 72->210  dodge 10->28
  level 1  hp 1135, atk 261, def 158, spd 29, acc 72, ddg 10
           absorbs 1732 of the 11500 budget, 9768 to spare
  level 30 hp 2199, atk 506, def 306, spd 56, acc 139, ddg 18
           absorbs 4442 of the 11500 budget, 7058 to spare
  level 60 hp 3300, atk 760, def 460, spd 85, acc 210, ddg 28
           absorbs 8375 of the 11500 budget, 3125 to spare
  kit      rock_throw seismic_toss cross_chop vital_throw inner_focus body_slam submission skull_bash

mender, formation column 0
  the one that fights by keeping its own side standing and taking the edge off the other's: the lightest damage in the cast, and a mend priced off its guard rather than off its arm
  demands  a character built from it must carry light
  hp 1445->4200  attack 145->420  defense 131->380  speed 40->115  accuracy 53->155  dodge 19->55
  level 1  hp 1445, atk 145, def 131, spd 40, acc 53, ddg 19
           absorbs 2076 of the 11500 budget, 9424 to spare
  level 30 hp 2799, atk 280, def 253, spd 76, acc 103, ddg 36
           absorbs 5164 of the 11500 budget, 6336 to spare
  level 60 hp 4200, atk 420, def 380, spd 115, acc 155, ddg 55
           absorbs 9523 of the 11500 budget, 1977 to spare
  kit      moonblast charm moonlight wish sing rally wide_guard solar_beam light_screen

bombardier, formation column 2
  the one that aims at a rank rather than at a unit: every blow lands on more than it was pointed at, thrown from the deepest row on the board — and it is built thin enough that whatever reaches that row ends it
  demands  a character built from it must carry electric and metal
  hp 1032->3000  attack 213->620  defense 117->340  speed 38->110  accuracy 62->180  dodge 21->62
  level 1  hp 1032, atk 213, def 117, spd 38, acc 62, ddg 21
           absorbs 1435 of the 11500 budget, 10065 to spare
  level 30 hp 1999, atk 413, def 226, spd 73, acc 120, ddg 41
           absorbs 3507 of the 11500 budget, 7993 to spare
  level 60 hp 3000, atk 620, def 340, spd 110, acc 180, ddg 62
           absorbs 6410 of the 11500 budget, 5090 to spare
  kit      thunder_shock discharge thunderbolt flash_cannon charge_beam electro_ball magnetise spark mirror_shot thunder_wave metal_sound magnet_rise zap_cannon overload steel_beam

shifter, formation column 1
  the one that holds no extreme: every stat the midpoint of what the cast already fields, and a kit borrowed from everybody else's, so what it is for is decided by the four skills it brings rather than by the line it stands on
  demands  any element carries this kit
  hp 1238->3600  attack 202->590  defense 168->490  speed 37->110  accuracy 59->172  dodge 16->49
  level 1  hp 1238, atk 202, def 168, spd 37, acc 59, ddg 16
           absorbs 1931 of the 11500 budget, 9569 to spare
  level 30 hp 2398, atk 392, def 326, spd 72, acc 114, ddg 32
           absorbs 5006 of the 11500 budget, 6494 to spare
  level 60 hp 3600, atk 590, def 490, spd 110, acc 172, ddg 49
           absorbs 9498 of the 11500 budget, 2002 to spare
  kit      body_slam bite withdraw smokescreen rally inner_focus taunt wide_guard pummel poison_powder sludge_bomb venoshock skull_bash submission vital_throw rapid_spin

breaker, formation column 2
  the one armour does not answer: nearly every blow it throws ignores most of what is in the way, bought with the thinnest frame on the board and the speed to spend it before anything reaches back
  demands  a character built from it must carry dark
  hp 1032->3000  attack 178->520  defense 96->280  speed 48->140  accuracy 68->200  dodge 23->68
  level 1  hp 1032, atk 178, def 96, spd 48, acc 68, ddg 23
           absorbs 1363 of the 11500 budget, 10137 to spare
  level 30 hp 1999, atk 346, def 186, spd 93, acc 132, ddg 45
           absorbs 3239 of the 11500 budget, 8261 to spare
  level 60 hp 3000, atk 520, def 280, spd 140, acc 200, ddg 68
           absorbs 5802 of the 11500 budget, 5698 to spare
  kit      shadow_ball psycho_cut dark_pulse nasty_plot body_slam bite smokescreen taunt inner_focus submission vital_throw skull_bash

hexer, formation column 1
  the one that takes the answer away rather than beating it: it strips off whatever is keeping the other side standing and then stops the wound closing, and it is built to be missed rather than to be survived
  demands  a character built from it must carry dark
  hp 1032->3000  attack 213->620  defense 116->340  speed 44->130  accuracy 60->175  dodge 27->80
  level 1  hp 1032, atk 213, def 116, spd 44, acc 60, ddg 27
           absorbs 1431 of the 11500 budget, 10069 to spare
  level 30 hp 1999, atk 413, def 226, spd 86, acc 116, ddg 53
           absorbs 3507 of the 11500 budget, 7993 to spare
  level 60 hp 3000, atk 620, def 340, spd 130, acc 175, ddg 80
           absorbs 6410 of the 11500 budget, 5090 to spare
  kit      shadow_claw spite night_shade curse shadow_ball dark_pulse nasty_plot poison_powder sludge_bomb venoshock smokescreen bite taunt shadow_punch

glacier, formation column 1
  the one that wins by still being there: the largest frame in the cast behind armour that never held much, throwing from a row back and cooling the ground in front of it so that whatever is coming arrives late
  demands  a character built from it must carry ice and water
  hp 1582->4600  attack 182->530  defense 124->360  speed 27->80  accuracy 55->160  dodge 12->34
  level 1  hp 1582, atk 182, def 124, spd 27, acc 55, ddg 12
           absorbs 2237 of the 11500 budget, 9263 to spare
  level 30 hp 3065, atk 353, def 240, spd 53, acc 106, ddg 22
           absorbs 5522 of the 11500 budget, 5978 to spare
  level 60 hp 4600, atk 530, def 360, spd 80, acc 160, ddg 34
           absorbs 10132 of the 11500 budget, 1368 to spare
  kit      ice_shard ice_beam blizzard ice_wall hail water_gun bubble_beam brine hydro_pump water_pulse withdraw wide_guard rally body_slam

diehard, formation column 0
  the fast one that trades on purpose: thin armour, a heavy opening, and a blow that lands harder for every wound already taken
  demands  a character built from it must carry metal
  hp 1050->3000  attack 265->720  defense 135->360  speed 58->135  accuracy 72->175  dodge 25->60
  level 1  hp 1050, atk 265, def 135, spd 58, acc 72, ddg 25
           absorbs 1523 of the 11500 budget, 9977 to spare
  level 30 hp 2008, atk 488, def 245, spd 95, acc 122, ddg 42
           absorbs 3650 of the 11500 budget, 7850 to spare
  level 60 hp 3000, atk 720, def 360, spd 135, acc 175, ddg 60
           absorbs 6607 of the 11500 budget, 4893 to spare
  kit      metal_claw reversal aura_sphere force_palm close_combat metal_sound flash_cannon

sapper, formation column 2
  the one that takes the answer away: rot that will not close, armour opened, and a clock slowed until somebody else's poison has time to finish the job
  demands  a character built from it must carry grass
  hp 1180->3400  attack 200->560  defense 148->420  speed 38->105  accuracy 58->165  dodge 16->45
  level 1  hp 1180, atk 200, def 148, spd 38, acc 58, ddg 16
           absorbs 1763 of the 11500 budget, 9737 to spare
  level 30 hp 2271, atk 376, def 281, spd 70, acc 110, ddg 30
           absorbs 4401 of the 11500 budget, 7099 to spare
  level 60 hp 3400, atk 560, def 420, spd 105, acc 165, ddg 45
           absorbs 8173 of the 11500 budget, 3327 to spare
  kit      acid toxic acid_spray stun_spore mega_drain petal_dance poison_powder venoshock

cleanser, formation column 2
  the one nothing finishes quickly and nothing bounces off: health at the ceiling with almost no armour under it, spent on taking the afflictions off everybody else
  demands  any element carries this kit
  hp 1660->4800  attack 132->380  defense 76->220  speed 31->90  accuracy 52->150  dodge 14->40
  level 1  hp 1660, atk 132, def 76, spd 31, acc 52, ddg 14
           absorbs 2082 of the 11500 budget, 9418 to spare
  level 30 hp 3203, atk 253, def 146, spd 60, acc 100, ddg 26
           absorbs 4766 of the 11500 budget, 6734 to spare
  level 60 hp 4800, atk 380, def 220, spd 90, acc 150, ddg 40
           absorbs 8333 of the 11500 budget, 3167 to spare
  kit      egg_bomb safeguard hyper_voice heal_bell soft_boiled rally wide_guard taunt

tempest, formation column 2
  the one that never has to close the gap: the longest reach in the cast thrown from the deepest row, on a frame heavy enough to survive whatever crosses that gap — bought with the speed to run away from it
  demands  a character built from it must carry wind
  hp 1265->3800  attack 226->680  defense 133->400  speed 42->125  accuracy 55->165  dodge 14->42
  level 1  hp 1265, atk 226, def 133, spd 42, acc 55, ddg 14
           absorbs 1828 of the 11500 budget, 9672 to spare
  level 30 hp 2511, atk 449, def 264, spd 82, acc 109, ddg 27
           absorbs 4728 of the 11500 budget, 6772 to spare
  level 60 hp 3800, atk 680, def 400, spd 125, acc 165, ddg 42
           absorbs 8878 of the 11500 budget, 2622 to spare
  kit      gust air_slash twister hurricane slipstream updraft body_slam hyper_voice safeguard taunt

predator, formation column 0
  the fastest thing on the board: it takes a turn and a third for every turn the front row takes, spends every one of them closing, and is built so thin that the first blow to catch it is usually the last
  demands  a character built from it must carry ground
  hp 1030->3100  attack 226->680  defense 110->330  speed 61->185  accuracy 60->180  dodge 22->66
  level 1  hp 1030, atk 226, def 110, spd 61, acc 60, ddg 22
           absorbs 1409 of the 11500 budget, 10091 to spare
  level 30 hp 2047, atk 449, def 218, spd 121, acc 118, ddg 43
           absorbs 3535 of the 11500 budget, 7965 to spare
  level 60 hp 3100, atk 680, def 330, spd 185, acc 180, ddg 66
           absorbs 6512 of the 11500 budget, 4988 to spare
  kit      dig stone_edge earthquake sand_tomb sandstorm rock_throw seismic_toss body_slam taunt

livewire, formation column 1
  the one whose own body is the battery: the thinnest frame in the cast behind the best odds of not being hit at all, blows that are paid for in its own health, and a charge sitting close enough to the skin that touching it costs a turn
  demands  a character built from it must carry electric
  hp 965->2900  attack 200->600  defense 93->280  speed 53->160  accuracy 56->170  dodge 30->90
  level 1  hp 965, atk 200, def 93, spd 53, acc 56, ddg 30
           absorbs 1264 of the 11500 budget, 10236 to spare
  level 30 hp 1916, atk 396, def 184, spd 105, acc 112, ddg 59
           absorbs 3095 of the 11500 budget, 8405 to spare
  level 60 hp 2900, atk 600, def 280, spd 160, acc 170, ddg 90
           absorbs 5609 of the 11500 budget, 5891 to spare
  kit      thunder_shock charge_beam spark electro_ball thunderbolt thunder_wave discharge overload magnetise zap_cannon taunt body_slam

18 presets
