== the authored cast ==

pokemon.bulbasaur — Bulbasaur
  from     Pokémon (anime)
  preset   blighter
  element  grass
  species  plant
  art      assets/bulbasaur.svg
  kit      vine_whip razor_leaf poison_powder@8 sleep_powder@12[Bulbasaur,Ivysaur] leech_seed@16 synthesis@20 venoshock@24 sludge_bomb@32 ingrain@36
  stage "Bulbasaur" owns levels 1 to 15, showing assets/bulbasaur.svg
    level 1  hp 900, atk 150, def 130, spd 30, acc 40, ddg 15
             absorbs 1291 of the 11500 budget, 10209 to spare
    level 15 hp 1398, atk 228, def 194, spd 44, acc 58, ddg 22
             absorbs 2303 of the 11500 budget, 9197 to spare
  stage "Ivysaur" owns levels 16 to 31, showing assets/ivysaur.svg
    level 16 hp 1684, atk 281, def 240, spd 52, acc 70, ddg 25
             absorbs 3034 of the 11500 budget, 8466 to spare
    level 31 hp 2269, atk 373, def 315, spd 66, acc 90, ddg 33
             absorbs 4659 of the 11500 budget, 6841 to spare
  stage "Venusaur" owns levels 32 to 60, showing assets/venusaur.svg
    level 32 hp 2613, atk 434, def 368, spd 73, acc 102, ddg 36
             absorbs 5819 of the 11500 budget, 5681 to spare
    level 60 hp 3800, atk 620, def 520, spd 100, acc 140, ddg 50
             absorbs 10410 of the 11500 budget, 1090 to spare

pokemon.charmander — Charmander
  from     Pokémon (anime)
  preset   scorcher
  element  fire
  species  lizard dragon
  art      assets/charmander.svg
  kit      ember fire_spin fire_fang@8 smokescreen@12 flamethrower@16 dragon_rage@20 dragon_dance@24 heat_wave@32 inferno@36 dragon_claw@40 outrage@44 dragon_drive@48
  stage "Charmander" owns levels 1 to 15, showing assets/charmander.svg
    level 1  hp 760, atk 180, def 95, spd 46, acc 48, ddg 22
             absorbs 1001 of the 11500 budget, 10499 to spare
    level 15 hp 1149, atk 265, def 141, spd 63, acc 66, ddg 30
             absorbs 1689 of the 11500 budget, 9811 to spare
  stage "Charmeleon" owns levels 16 to 31, showing assets/charmeleon.svg
    level 16 hp 1355, atk 321, def 175, spd 73, acc 76, ddg 35
             absorbs 2147 of the 11500 budget, 9353 to spare
    level 31 hp 1830, atk 423, def 231, spd 92, acc 97, ddg 44
             absorbs 3244 of the 11500 budget, 8256 to spare
  stage "Charizard" owns levels 32 to 60, showing assets/charizard.svg
    level 32 hp 2103, atk 491, def 281, spd 102, acc 109, ddg 51
             absorbs 4075 of the 11500 budget, 7425 to spare
    level 60 hp 3100, atk 700, def 400, spd 140, acc 150, ddg 70
             absorbs 7242 of the 11500 budget, 4258 to spare

pokemon.squirtle — Squirtle
  from     Pokémon (anime)
  preset   warden
  element  water
  species  turtle
  art      assets/squirtle.svg
  kit      water_gun bubble bite@8 withdraw@12 whirlpool@16 brine@20 rapid_spin@24 aqua_ring@28 hydro_pump@36 water_pulse@32 taunt@40 skull_bash@44 wide_guard@44
  stage "Squirtle" owns levels 1 to 15, showing assets/squirtle.svg
    level 1  hp 950, atk 120, def 175, spd 24, acc 40, ddg 11
             absorbs 1505 of the 11500 budget, 9995 to spare
    level 15 hp 1412, atk 176, def 252, spd 35, acc 57, ddg 15
             absorbs 2600 of the 11500 budget, 8900 to spare
  stage "Wartortle" owns levels 16 to 31, showing assets/wartortle.svg
    level 16 hp 1631, atk 207, def 290, spd 39, acc 63, ddg 17
             absorbs 3210 of the 11500 budget, 8290 to spare
    level 31 hp 2183, atk 276, def 385, spd 52, acc 84, ddg 23
             absorbs 4995 of the 11500 budget, 6505 to spare
  stage "Blastoise" owns levels 32 to 60, showing assets/blastoise.svg
    level 32 hp 2461, atk 315, def 438, spd 57, acc 92, ddg 26
             absorbs 6061 of the 11500 budget, 5439 to spare
    level 60 hp 3600, atk 460, def 640, spd 85, acc 135, ddg 38
             absorbs 11285 of the 11500 budget, 215 to spare

naruto.naruto — Naruto
  from     Naruto (anime)
  preset   summoner
  element  wind
  species  human
  art      assets/naruto.svg
  kit      kunai substitution@8 shadow_clone@12 wind_shuriken@20 summon_toad@28 rasengan@36 comeback@44
  stage "Naruto" owns levels 1 to 15, showing assets/naruto.svg
    level 1  hp 1020, atk 180, def 130, spd 48, acc 64, ddg 26
             absorbs 1463 of the 11500 budget, 10037 to spare
    level 15 hp 1501, atk 255, def 182, spd 63, acc 84, ddg 33
             absorbs 2413 of the 11500 budget, 9087 to spare
  stage "Shippuden" owns levels 16 to 31, showing assets/naruto-shippuden.svg
    level 16 hp 1648, atk 291, def 199, spd 71, acc 92, ddg 37
             absorbs 2742 of the 11500 budget, 8758 to spare
    level 31 hp 2177, atk 377, def 259, spd 89, acc 114, ddg 46
             absorbs 4061 of the 11500 budget, 7439 to spare
  stage "Sennin" owns levels 32 to 60, showing assets/naruto-sage-mode.svg
    level 32 hp 2374, atk 421, def 282, spd 98, acc 122, ddg 51
             absorbs 4609 of the 11500 budget, 6891 to spare
    level 60 hp 3400, atk 590, def 400, spd 134, acc 165, ddg 70
             absorbs 7943 of the 11500 budget, 3557 to spare

pokemon.poliwag — Poliwag
  from     Pokémon (anime)
  preset   bruiser
  element  water
  species  amphibian
  art      assets/poliwag.svg
  kit      water_gun bubble pummel@8 body_slam@12 bubble_beam@16 brine@20 whirlpool@24 bite@28 taunt@32 submission@36 hydro_pump@40 rally@44
  stage "Poliwag" owns levels 1 to 15, showing assets/poliwag.svg
    level 1  hp 963, atk 168, def 145, spd 25, acc 38, ddg 11
             absorbs 1428 of the 11500 budget, 10072 to spare
    level 15 hp 1398, atk 244, def 210, spd 36, acc 55, ddg 15
             absorbs 2377 of the 11500 budget, 9123 to spare
  stage "Poliwhirl" owns levels 16 to 31, showing assets/poliwhirl.svg
    level 16 hp 1644, atk 291, def 249, spd 40, acc 63, ddg 18
             absorbs 3010 of the 11500 budget, 8490 to spare
    level 31 hp 2181, atk 386, def 331, spd 53, acc 84, ddg 24
             absorbs 4591 of the 11500 budget, 6909 to spare
  stage "Poliwrath" owns levels 32 to 60, showing assets/poliwrath.svg
    level 32 hp 2547, atk 454, def 385, spd 62, acc 96, ddg 27
             absorbs 5828 of the 11500 budget, 5672 to spare
    level 60 hp 3700, atk 660, def 560, spd 90, acc 140, ddg 40
             absorbs 10632 of the 11500 budget, 868 to spare

5 characters
