== the authored cast ==

pokemon.bulbasaur — Bulbasaur
  from     Pokémon (anime)
  preset   blighter
  element  grass
  art      assets/bulbasaur.svg
  kit      vine_whip razor_leaf sleep_powder poison_powder sludge_bomb venoshock leech_seed synthesis ingrain
  stage "Bulbasaur" owns levels 1 to 15, showing assets/bulbasaur.svg
    level 1  hp 900, atk 150, def 130, spd 30, acc 40, ddg 15
             absorbs 1291 of the 11500 budget, 10209 to spare
    level 15 hp 1398, atk 228, def 194, spd 44, acc 58, ddg 22
             absorbs 2303 of the 11500 budget, 9197 to spare
  stage "Ivysaur" owns levels 16 to 31, showing assets/ivysaur.svg
    level 16 hp 1684, atk 281, def 240, spd 52, acc 70, ddg 25
             absorbs 3034 of the 11500 budget, 8466 to spare
    level 31 hp 2269, atk 373, def 315, spd 66, acc 90, ddg 33
             absorbs 4659 of the 11500 budget, 6841 to spare
  stage "Venusaur" owns levels 32 to 60, showing assets/venusaur.svg
    level 32 hp 2613, atk 434, def 368, spd 73, acc 102, ddg 36
             absorbs 5819 of the 11500 budget, 5681 to spare
    level 60 hp 3800, atk 620, def 520, spd 100, acc 140, ddg 50
             absorbs 10410 of the 11500 budget, 1090 to spare

pokemon.charmander — Charmander
  from     Pokémon (anime)
  preset   scorcher
  element  fire
  art      assets/charmander.svg
  kit      ember flamethrower fire_fang fire_spin heat_wave inferno dragon_rage smokescreen dragon_dance
  stage "Charmander" owns levels 1 to 15, showing assets/charmander.svg
    level 1  hp 760, atk 180, def 95, spd 46, acc 48, ddg 22
             absorbs 1001 of the 11500 budget, 10499 to spare
    level 15 hp 1149, atk 265, def 141, spd 63, acc 66, ddg 30
             absorbs 1689 of the 11500 budget, 9811 to spare
  stage "Charmeleon" owns levels 16 to 31, showing assets/charmeleon.svg
    level 16 hp 1355, atk 321, def 175, spd 73, acc 76, ddg 35
             absorbs 2147 of the 11500 budget, 9353 to spare
    level 31 hp 1830, atk 423, def 231, spd 92, acc 97, ddg 44
             absorbs 3244 of the 11500 budget, 8256 to spare
  stage "Charizard" owns levels 32 to 60, showing assets/charizard.svg
    level 32 hp 2103, atk 491, def 281, spd 102, acc 109, ddg 51
             absorbs 4075 of the 11500 budget, 7425 to spare
    level 60 hp 3100, atk 700, def 400, spd 140, acc 150, ddg 70
             absorbs 7242 of the 11500 budget, 4258 to spare

pokemon.squirtle — Squirtle
  from     Pokémon (anime)
  preset   warden
  element  water
  art      assets/squirtle.svg
  kit      water_gun bubble whirlpool bite brine hydro_pump withdraw aqua_ring rapid_spin
  stage "Squirtle" owns levels 1 to 15, showing assets/squirtle.svg
    level 1  hp 950, atk 120, def 175, spd 24, acc 40, ddg 11
             absorbs 1505 of the 11500 budget, 9995 to spare
    level 15 hp 1412, atk 176, def 252, spd 35, acc 57, ddg 15
             absorbs 2600 of the 11500 budget, 8900 to spare
  stage "Wartortle" owns levels 16 to 31, showing assets/wartortle.svg
    level 16 hp 1631, atk 207, def 290, spd 39, acc 63, ddg 17
             absorbs 3210 of the 11500 budget, 8290 to spare
    level 31 hp 2183, atk 276, def 385, spd 52, acc 84, ddg 23
             absorbs 4995 of the 11500 budget, 6505 to spare
  stage "Blastoise" owns levels 32 to 60, showing assets/blastoise.svg
    level 32 hp 2461, atk 315, def 438, spd 57, acc 92, ddg 26
             absorbs 6061 of the 11500 budget, 5439 to spare
    level 60 hp 3600, atk 460, def 640, spd 85, acc 135, ddg 38
             absorbs 11285 of the 11500 budget, 215 to spare

3 characters
