== the works the cast is borrowed from ==
naruto           anime   2002     Naruto
                 naruto.naruto (Naruto)
pokemon          anime   1997     Pokémon
                 pokemon.bulbasaur (Bulbasaur)
                 pokemon.charmander (Charmander)
                 pokemon.cleffa (Cleffa)
                 pokemon.gastly (Gastly)
                 pokemon.happiny (Happiny)
                 pokemon.lapras (Lapras)
                 pokemon.machop (Machop)
                 pokemon.magnemite (Magnemite)
                 pokemon.mew (Mew)
                 pokemon.mewtwo (Mewtwo)
                 pokemon.oddish (Oddish)
                 pokemon.poliwag (Poliwag)
                 pokemon.riolu (Riolu)
                 pokemon.squirtle (Squirtle)

2 works, 6 media declared: anime film series game comic novel
