== battle from seed 11 ==
52 turns, 257 events, ally won

the first 90 events
       0 started         ally.venusaur      ally   0,1  3800 hp
       0 started         ally.wartortle     ally   1,0  1631 hp
       0 passive_held    ally.wartortle     endurance: toughened x1
       0 started         ally.charmander    ally   1,1  954 hp
       0 started         foe.blastoise      enemy  5,1  3600 hp
       0 passive_held    foe.blastoise      endurance: toughened x1
       0 started         foe.charmeleon     enemy  4,2  1799 hp
       0 started         foe.ivysaur        enemy  4,1  2230 hp
   10000 turn_began      ally.venusaur      turn 1   3800 hp
   10000 skill_used      ally.venusaur      razor_leaf at 4,2
   10000 damaged         ally.venusaur      razor_leaf hit foe.charmeleon for 170, x667 affinity, 400 per mille pierced, 1629 hp left
   10000 damaged         ally.venusaur      razor_leaf hit foe.charmeleon for 170, x667 affinity, 400 per mille pierced, 1459 hp left
   10000 damaged         ally.venusaur      razor_leaf hit foe.ivysaur for 114, x1000 affinity, 400 per mille pierced, 2116 hp left
   10000 damaged         ally.venusaur      razor_leaf hit foe.ivysaur for 114, x1000 affinity, 400 per mille pierced, 2002 hp left
   10000 damaged         ally.venusaur      razor_leaf hit foe.blastoise for 75, x1000 affinity, 400 per mille pierced, 3525 hp left
   10000 damaged         ally.venusaur      razor_leaf hit foe.blastoise for 94, x1000 affinity, 400 per mille pierced, 3431 hp left
   10989 turn_began      foe.charmeleon     turn 1   1459 hp
   10989 skill_used      foe.charmeleon     fire_spin at 1,1
   10989 damaged         foe.charmeleon     fire_spin hit ally.charmander for 253, x1000 affinity, 701 hp left
   10989 status_applied  foe.charmeleon     burn x1 on ally.charmander, now 1, 238 per tick
   10989 damaged         foe.charmeleon     fire_spin hit ally.wartortle for 55, x667 affinity, 1576 hp left
   10989 status_resisted foe.charmeleon     ally.wartortle resisted burn at 700 per mille
   11764 turn_began      foe.blastoise      turn 1   3431 hp
   11764 skill_used      foe.blastoise      hydro_pump at 1,1
   11764 damaged         foe.blastoise      hydro_pump hit ally.charmander for 1089, x1500 affinity, 0 hp left
   11764 died            ally.charmander    fell at 1,1
   15151 turn_began      foe.ivysaur        turn 1   2002 hp
   15151 skill_used      foe.ivysaur        razor_leaf at 0,1
   15151 damaged         foe.ivysaur        razor_leaf hit ally.venusaur for 107, x1000 affinity, 400 per mille pierced, 3693 hp left
   15151 damaged         foe.ivysaur        razor_leaf hit ally.venusaur for 107, x1000 affinity, 400 per mille pierced, 3586 hp left
   15151 damaged         foe.ivysaur        razor_leaf hit ally.wartortle for 82, x1000 affinity, 400 per mille pierced, 1494 hp left
   15151 missed          foe.ivysaur        razor_leaf missed ally.wartortle at 915 per mille
   15151 status_resisted ally.venusaur      foe.ivysaur resisted poison at 40 per mille
   20000 turn_began      ally.venusaur      turn 2   3586 hp
   20000 skill_used      ally.venusaur      sludge_bomb at 4,2
   20000 damaged         ally.venusaur      sludge_bomb hit foe.charmeleon for 457, x1000 affinity, 1002 hp left
   20000 status_applied  ally.venusaur      poison x1 on foe.charmeleon, now 1, 176 per tick
   21978 turn_began      foe.charmeleon     turn 2   1002 hp
   21978 status_ticked   foe.charmeleon     poison x1  176 damage
   21978 skill_used      foe.charmeleon     flamethrower at 0,1
   21978 damaged         foe.charmeleon     flamethrower hit ally.venusaur for 365, x1500 affinity, 3221 hp left
   21978 status_applied  foe.charmeleon     burn x1 on ally.venusaur, now 1, 182 per tick
   21978 status_resisted ally.venusaur      foe.charmeleon resisted poison at 40 per mille
   23528 turn_began      foe.blastoise      turn 2   3431 hp
   23528 skill_used      foe.blastoise      whirlpool at 0,1
   23528 damaged         foe.blastoise      whirlpool hit ally.venusaur for 134, x1000 affinity, 3087 hp left
   23528 status_applied  foe.blastoise      mire x1 on ally.venusaur, now 1
   23528 status_resisted ally.venusaur      foe.blastoise resisted poison at 40 per mille
   23528 speed_changed   ally.venusaur      speed 100 to 81
   25641 turn_began      ally.wartortle     turn 1   1494 hp
   25641 skill_used      ally.wartortle     bubble at 4,1
   25641 damaged         ally.wartortle     bubble hit foe.ivysaur for 71, x1000 affinity, 1931 hp left
   25641 status_applied  ally.wartortle     mire x1 on foe.ivysaur, now 1
   25641 damaged         ally.wartortle     bubble hit foe.charmeleon for 61, x1500 affinity, 765 hp left
   25641 status_resisted ally.wartortle     foe.charmeleon resisted mire at 700 per mille
   25641 damaged         ally.wartortle     bubble hit foe.blastoise for 21, x1000 affinity, 3410 hp left
   25641 status_applied  ally.wartortle     mire x1 on foe.blastoise, now 1
   25641 speed_changed   foe.blastoise      speed 85 to 68
   25641 speed_changed   foe.ivysaur        speed 66 to 53
   31445 turn_began      foe.ivysaur        turn 2   1931 hp
   31445 skill_used      foe.ivysaur        poison_powder at 1,0
   31445 status_applied  foe.ivysaur        poison x1 on ally.wartortle, now 1, 86 per tick
   31518 turn_began      ally.venusaur      turn 3   3087 hp
   31518 status_ticked   ally.venusaur      burn x1  182 damage
   31518 skill_used      ally.venusaur      venoshock at 4,2
   31518 amplified       ally.venusaur      venoshock on poison x1, power 1800
   31518 damaged         ally.venusaur      venoshock hit foe.charmeleon for 634, x1000 affinity, 131 hp left
   31518 passive_held    foe.charmeleon     blaze: kindled x1
   32967 turn_began      foe.charmeleon     turn 3   131 hp
   32967 status_ticked   foe.charmeleon     poison x1  176 damage
   32967 died            foe.charmeleon     fell at 4,2
   32967 turn_skipped    foe.charmeleon     died
   37704 turn_began      foe.blastoise      turn 3   3410 hp
   37704 skill_used      foe.blastoise      water_gun at 1,0
   37704 damaged         foe.blastoise      water_gun hit ally.wartortle for 218, x1000 affinity, 1276 hp left
   43863 turn_began      ally.venusaur      turn 4   2905 hp
   43863 status_ticked   ally.venusaur      burn x1  182 damage
   43863 status_expired  ally.venusaur      burn wore off
   43863 status_expired  ally.venusaur      mire wore off
   43863 speed_changed   ally.venusaur      speed 81 to 100
   43863 skill_used      ally.venusaur      razor_leaf at 4,1
   43863 damaged         ally.venusaur      razor_leaf hit foe.ivysaur for 229, x1000 affinity, 400 per mille pierced, 1702 hp left
   43863 damaged         ally.venusaur      razor_leaf hit foe.ivysaur for 229, x1000 affinity, 400 per mille pierced, 1473 hp left
   50312 turn_began      foe.ivysaur        turn 3   1473 hp
   50312 status_expired  foe.ivysaur        mire wore off
   50312 speed_changed   foe.ivysaur        speed 53 to 66
   50312 skill_used      foe.ivysaur        vine_whip at 1,0
   50312 damaged         foe.ivysaur        vine_whip hit ally.wartortle for 191, x1000 affinity, 1085 hp left
   51282 turn_began      ally.wartortle     turn 2   1085 hp
   51282 status_ticked   ally.wartortle     poison x1  86 damage
... 167 more

the last 12 events
  227514 damaged         ally.venusaur      razor_leaf hit foe.blastoise for 189, x1000 affinity, 400 per mille pierced, 126 hp left
  228869 turn_began      foe.blastoise      turn 19  126 hp
  228869 status_ticked   foe.blastoise      poison x1  90 damage
  228869 skill_used      foe.blastoise      water_gun at 0,1
  228869 damaged         foe.blastoise      water_gun hit ally.venusaur for 168, x1000 affinity, 26 hp left
  228869 status_resisted ally.venusaur      foe.blastoise resisted poison at 40 per mille
  237514 turn_began      ally.venusaur      turn 23  26 hp
  237514 skill_used      ally.venusaur      leech_seed at 5,1
  237514 damaged         ally.venusaur      leech_seed hit foe.blastoise for 126, x1000 affinity, 0 hp left
  237514 healed          ally.venusaur     
  237514 died            foe.blastoise      fell at 5,1
  237514 ended                              victory to the ally side

event counts
  started              6
  turn_began          52
  status_ticked       10
  status_expired       6
  speed_changed        8
  turn_skipped         1
  skill_used          51
  amplified            6
  status_consumed      0
  missed               7
  blocked              0
  damaged             64
  status_applied      10
  status_resisted     24
  status_stripped      0
  died                 5
  healed               3
  passive_held         3
  passive_released     0
  ended                1
  summoned             0
  left                 0
  spread               0
  absorbed             0
  paid                 0
  split                0
  bonus_held           0

final board
  ally.venusaur     ally   alive    101 / 3800   hp   grass
  ally.wartortle    ally   dead       0 / 1631   hp   water
  ally.charmander   ally   dead       0 / 954    hp   fire
  foe.blastoise     enemy  dead       0 / 3600   hp   water
  foe.charmeleon    enemy  dead       0 / 1799   hp   fire
  foe.ivysaur       enemy  dead       0 / 2230   hp   grass
