damage is against 400 defence at 800 attack, a neutral matchup and no accuracy stat
a cooldown counts the caster's own turns, the same unit statuses are timed in

== skills ==
skill           element   tgt    rng  shape          power  hits  total   acc   cd   prc  crit   damage
vine_whip       grass     enemy    1  single         1100     1   1100   950    1     0     0      377
razor_leaf      grass     enemy    2  arc_up          600     2   1200   880    2   400   200      532
solar_beam      light     enemy    3  single         2400     1   2400   850    4     0     0      822
sleep_powder    grass     enemy    2  flank_up          0     1      0  1000    4     0     0        0
poison_powder   neutral   enemy    2  flank_up          0     1      0  1000    3     0     0        0
sludge_bomb     neutral   enemy    2  single         1300     1   1300   900    2     0     0      445
venoshock       neutral   enemy    1  single          900     1    900   900    2     0     0      308
leech_seed      grass     enemy    2  single          700     1    700   900    3     0     0      240
synthesis       grass     self     0  single            0     1      0  1000    4     0     0        0
ingrain         grass     self     0  single            0     1      0  1000    4     0     0        0
ember           fire      enemy    1  single         1000     1   1000   950    1     0     0      342
flamethrower    fire      enemy    2  single         1600     1   1600   900    2     0     0      548
fire_fang       fire      enemy    1  single          650     2   1300   880    2   350     0      556
fire_spin       fire      enemy    2  column          850     1    850   860    3     0     0      291
heat_wave       fire      enemy    2  wedge_right    1100     1   1100   850    4     0     0      377
inferno         fire      enemy    1  single         1000     1   1000   880    3     0     0      342
dragon_rage     neutral   enemy    2  single         1300     1   1300   920    3     0     0      445
smokescreen     neutral   enemy    2  flank_up          0     1      0  1000    3     0     0        0
dragon_dance    neutral   self     0  single            0     1      0  1000    4     0     0        0
water_gun       water     enemy    1  single         1000     1   1000   950    1     0     0      342
bubble          water     enemy    2  arc_down        700     1    700   900    2     0     0      240
whirlpool       water     enemy    2  column          800     1    800   850    3     0     0      274
bite            neutral   enemy    1  single         1200     1   1200   900    2     0     0      411
brine           water     enemy    1  single         1000     1   1000   900    2     0     0      342
hydro_pump      water     enemy    3  single         2200     1   2200   800    4     0     0      754
withdraw        neutral   self     0  single            0     1      0  1000    3     0     0        0
aqua_ring       water     self     0  single            0     1      0  1000    4     0     0        0
rapid_spin      neutral   self     0  single            0     1      0  1000    3     0     0        0
rally           neutral   ally     1  column            0     1      0  1000    4     0     0        0
dragon_claw     neutral   enemy    1  single         1100     1   1100   950    1     0     0      377
outrage         neutral   enemy    1  single         2200     1   2200   900    3     0     0      754
dragon_drive    neutral   enemy    1  single          900     1    900   900    3     0     0      308
taunt           neutral   self     0  single            0     1      0  1000    3     0     0        0
kunai           neutral   enemy    2  single          700     1    700   950    0     0     0      240
wind_shuriken   wind      enemy    2  arc_up          620     2   1240   880    2     0   200      424
rasengan        wind      enemy    1  single         2200     1   2200   900    4     0     0      754
substitution    neutral   self     0  single            0     1      0  1000    4     0     0        0
shadow_clone    neutral   self     0  single            0     1      0  1000    5     0     0        0
comeback        neutral   enemy    1  single          900     1    900   950    2     0     0      308
summon_toad     neutral   self     0  single            0     1      0  1000    6     0     0        0
water_pulse     water     enemy    2  single          600     1    600   900    4     0     0      205
skull_bash      neutral   enemy    1  single          850     1    850   900    2     0     0      291
wide_guard      neutral   ally     1  single            0     1      0  1000    3     0     0        0
bubble_beam     water     enemy    2  single          900     1    900   900    2     0     0      308
body_slam       neutral   enemy    1  single         1200     1   1200   880    2     0     0      411
pummel          neutral   enemy    1  single          480     3   1440   900    2     0     0      492
submission      neutral   enemy    1  single         2000     1   2000   850    3     0     0      685
rock_throw      ground    enemy    2  single         1100     1   1100   880    2     0     0      377
seismic_toss    ground    enemy    1  single         2000     1   2000   850    3     0     0      685
cross_chop      neutral   enemy    1  single         2800     1   2800   620    3     0     0      960
vital_throw     neutral   enemy    1  single         1800     1   1800  1000    3     0     0      617
inner_focus     neutral   self     0  single            0     1      0  1000    3     0     0        0
moonblast       light     enemy    2  single         1400     1   1400   900    2     0     0      480
charm           light     enemy    2  single            0     1      0  1000    3     0     0        0
moonlight       light     ally     1  single            0     1      0  1000    3     0     0        0
wish            light     ally     1  single            0     1      0  1000    4     0     0        0
sing            light     enemy    2  flank_up          0     1      0  1000    4     0     0        0
rinse           water     ally     1  single            0     1      0  1000    3     0     0        0
chorus          water     ally     1  column            0     1      0  1000    4     0     0        0
thunder_shock   electric  enemy    2  single          700     1    700   950    1     0     0      240
mirror_shot     metal     enemy    2  single          900     1    900   900    2     0     0      308
thunderbolt     electric  enemy    2  single         1600     1   1600   880    3   300     0      662
flash_cannon    metal     enemy    3  single         1500     1   1500   870    3     0     0      514
thunder_wave    electric  enemy    2  column            0     1      0  1000    3     0     0        0
metal_sound     metal     enemy    2  flank_up        800     1    800   900    3     0     0      274
discharge       electric  all      1  column          900     1    900   900    3     0     0      308
magnet_rise     metal     self     0  single            0     1      0  1000    3     0     0        0
zap_cannon      electric  enemy    3  single         2700     1   2700   550    4     0     0      925
charge_beam     electric  enemy    2  single          800     1    800   950    1     0     0      274
magnetise       electric  enemy    2  column          500     1    500   920    3     0     0      171
electro_ball    electric  enemy    2  single          640     2   1280   900    2     0     0      438
spark           electric  enemy    1  single          342     2    684   930    2     0     0      234
overload        electric  enemy    2  single          880     1    880   880    4     0     0      301
psychic         neutral   enemy    3  single         1600     1   1600   900    3     0     0      548
hypnosis        neutral   enemy    2  single            0     1      0  1000    4     0     0        0
dream_eater     neutral   enemy    2  single          700     1    700   900    3     0     0      240
transform       neutral   self     0  single            0     1      0  1000    5     0     0        0
recover         neutral   self     0  single            0     1      0  1000    4     0     0        0
swift           neutral   enemy    2  arc_up          700     1    700  1000    2     0     0      240

== statuses inflicted, chance is fixed and no stat moves it ==
skill           status           stacks   chance   accuracy   lands per cast
sleep_powder    stun                   1      500       1000              500
poison_powder   poison                 1      800       1000              800
sludge_bomb     poison                 1      400        900              360
ingrain         regrowth (self)        2     1000       1000                -
ember           burn                   1      300        950              285
flamethrower    burn                   1      500        900              450
fire_fang       fester                 1      500        880              440
fire_spin       burn                   1      700        860              602
heat_wave       burn                   1      400        850              340
smokescreen     blind                  1      800       1000              800
dragon_dance    fury (self)            1     1000       1000                -
dragon_dance    haste (self)           1     1000       1000                -
bubble          mire                   1      700        900              630
whirlpool       mire                   1      600        850              510
bite            expose                 1      500        900              450
withdraw        block (self)           2     1000       1000                -
aqua_ring       regrowth (self)        2     1000       1000                -
rally           fury                   1     1000       1000             1000
dragon_claw     expose                 1      400        950              380
outrage         mire (self)            1     1000        900                -
taunt           taunting (self)        1     1000       1000                -
substitution    veil (self)            2     1000       1000                -
water_pulse     stun                   1      350        900              315
wide_guard      block                  2     1000       1000             1000
bubble_beam     mire                   1      400        900              360
body_slam       stun                   1      250        880              220
submission      expose                 1      400        850              340
inner_focus     focus (self)           1     1000       1000                -
moonblast       weaken                 1      300        900              270
charm           weaken                 2     1000       1000             1000
wish            regrowth               1     1000       1000             1000
sing            stun                   1      600       1000              600
chorus          haste                  1     1000       1000             1000
thunder_shock   charge                 1     1000        950              950
thunder_shock   stun                   1      120        950              114
mirror_shot     blind                  1      500        900              450
thunderbolt     charge                 2     1000        880              880
thunderbolt     stun                   1      200        880              176
flash_cannon    expose                 1      350        870              304
thunder_wave    mire                   2     1000       1000             1000
thunder_wave    stun                   1      250       1000              250
metal_sound     expose                 2     1000        900              900
magnet_rise     veil (self)            2     1000       1000                -
zap_cannon      stun                   1     1000        550              550
charge_beam     charge                 2     1000        950              950
magnetise       charge                 3     1000        920              920
psychic         expose                 1      350        900              315
hypnosis        stun                   1      550       1000              550
transform       fury (self)            1     1000       1000                -
transform       haste (self)           1     1000       1000                -
transform       focus (self)           1     1000       1000                -
transform       veil (self)            1     1000       1000                -

== who may carry, a skill absent here is free to anybody ==
skill           elements   archetypes        characters          species   origins
vine_whip       -          -                 -                   -         pokemon
razor_leaf      -          -                 -                   -         pokemon
solar_beam      -          -                 -                   -         pokemon
sleep_powder    -          -                 -                   -         pokemon
poison_powder   -          -                 -                   -         pokemon
sludge_bomb     -          -                 -                   -         pokemon
venoshock       -          -                 -                   -         pokemon
leech_seed      -          -                 -                   -         pokemon
synthesis       -          -                 -                   plant     pokemon
ingrain         -          -                 -                   plant     pokemon
ember           -          -                 -                   -         pokemon
flamethrower    -          -                 -                   -         pokemon
fire_fang       -          -                 -                   -         pokemon
fire_spin       -          -                 -                   -         pokemon
heat_wave       -          -                 -                   -         pokemon
inferno         -          -                 -                   -         pokemon
dragon_rage     -          -                 -                   dragon    pokemon
dragon_dance    -          -                 -                   dragon    pokemon
water_gun       -          -                 -                   -         pokemon
bubble          -          -                 -                   -         pokemon
whirlpool       -          -                 -                   -         pokemon
brine           -          -                 -                   -         pokemon
hydro_pump      -          -                 -                   -         pokemon
aqua_ring       -          -                 -                   -         pokemon
dragon_claw     -          -                 -                   dragon    pokemon
outrage         -          -                 -                   dragon    pokemon
dragon_drive    -          -                 -                   dragon    pokemon
kunai           -          -                 -                   -         naruto
wind_shuriken   -          -                 -                   -         naruto
rasengan        -          -                 -                   -         naruto
substitution    -          -                 -                   -         naruto
shadow_clone    -          -                 -                   -         naruto
comeback        -          -                 -                   -         naruto
summon_toad     -          -                 -                   -         naruto
water_pulse     -          -                 -                   -         pokemon
skull_bash      -          -                 -                   -         pokemon
bubble_beam     -          -                 -                   -         pokemon
body_slam       -          -                 -                   -         pokemon
pummel          -          -                 -                   -         pokemon
submission      -          -                 -                   -         pokemon
rock_throw      -          -                 -                   -         pokemon
seismic_toss    -          -                 -                   -         pokemon
cross_chop      -          -                 -                   -         pokemon
vital_throw     -          -                 -                   -         pokemon
inner_focus     -          -                 -                   -         pokemon
moonblast       -          -                 -                   -         pokemon
charm           -          -                 -                   -         pokemon
moonlight       -          -                 -                   -         pokemon
wish            -          -                 -                   -         pokemon
sing            -          -                 -                   -         pokemon
rinse           -          -                 -                   -         pokemon
chorus          -          -                 -                   -         pokemon
thunder_shock   -          -                 -                   -         pokemon
mirror_shot     -          -                 -                   -         pokemon
thunderbolt     -          -                 -                   -         pokemon
flash_cannon    -          -                 -                   -         pokemon
thunder_wave    -          -                 -                   -         pokemon
metal_sound     -          -                 -                   -         pokemon
discharge       -          -                 -                   -         pokemon
magnet_rise     -          -                 -                   -         pokemon
zap_cannon      -          -                 -                   -         pokemon
charge_beam     -          -                 -                   -         pokemon
magnetise       -          -                 -                   -         pokemon
electro_ball    -          -                 -                   -         pokemon
spark           -          -                 -                   -         pokemon
overload        -          -                 -                   -         pokemon
psychic         -          -                 -                   mythic    pokemon
hypnosis        -          -                 -                   mythic    pokemon
dream_eater     -          -                 -                   mythic    pokemon
transform       -          -                 pokemon.mew         -         pokemon
recover         -          -                 -                   mythic    pokemon
swift           -          -                 -                   mythic    pokemon

== conditional amplifiers ==
skill           whose    needs                       stacks   power   amplified   damage   amplified   gain
venoshock       target   poison                            1     900        1800      308         617  2.00x
inferno         target   burn                              1    1000        3500      342        1200  3.50x (consumes)
brine           target   health <=500 per mille            -    1000        2000      342         685  2.00x
outrage         caster   health <=400 per mille            -    2200        3400      754        1165  1.54x
dragon_drive    target   expose                            1     900        2300      308         788  2.55x (consumes)
electro_ball    target   charge                            1     640         640      219         219  1.00x (consumes)
spark           target   charge                            1     342         342      117         117  1.00x (consumes)
overload        target   charge                            2     880         880      301         301  1.00x (consumes)
dream_eater     target   stun                              1     700        1600      240         548  2.28x

== a gradient off the caster's own health ==
what the caster's own wounds add, at the bottom of the bar
skill           at empty   power   at the bottom   damage   at the bottom    gain
comeback              900     900            1710      308             586   1.90x

== what a detonate gives up ==
the ticks of a damage-over-time, or the extra damage a stat debuff was letting through
skill           status   spends     forgone   a plain attack   alternative   burst    ratio
inferno         burn     ticks          548              342           890    1200    1.34x
dragon_drive    expose   defence        102              342           444     788    1.77x
electro_ball    charge   unpriced         0              342           342     219    0.64x
spark           charge   unpriced         0              342           342     117    0.34x
overload        charge   unpriced         0              342           342     301    0.88x

== cleanses and dispels ==
skill           categories                    stacks
rapid_spin      stat_debuff, dot, heal_cut         1
rinse           dot, stat_debuff, charge           2

== timed effects ==
status      category      stacks   turns   tick power   tick   over its life   heal cut   modifiers
poison      dot                 3       3          500    171            2052          0   -
burn        dot                 2       2          800    274            1370          0   -
weaken      stat_debuff         3       3            0      0               0          0   attack -30.0%
expose      stat_debuff         2       2            0      0               0          0   defense -30.0%
blind       stat_debuff         2       2            0      0               0          0   accuracy -40.0%
mire        stat_debuff         2       2            0      0               0          0   speed -25.0%
stun        control             1       1            0      0               0          0   -
taunting    taunt               1       2            0      0               0          0   -
fury        buff                3       3            0      0               0          0   attack +30.0%
haste       buff                2       3            0      0               0          0   speed +30.0%
focus       buff                2       3            0      0               0          0   accuracy +40.0%
toughened   buff                1       0            0      0               0          0   defense +15.0%
veil        buff                2       2            0      0               0          0   dodge +40.0%
block       shield              3       2            0      0               0          0   -
regrowth    regen               3       3          400    137            1644          0   -
unleashed   buff                1       0            0      0               0          0   attack +30.0%
bare        stat_debuff         1       0            0      0               0          0   defense -40.0%, dodge -40.0%
kindled     buff                1       0            0      0               0          0   attack +15.0%
fortified   buff                1       0            0      0               0          0   defense +25.0%
quickened   buff                1       0            0      0               0          0   speed +8.0%
encumber    stat_debuff         1       0            0      0               0          0   speed -10.0%
fester      heal_cut            2       2            0      0               0       -400   -
evasive     buff                1       0            0      0               0          0   dodge +15.0%
charge      charge            999       4            0      0               0          0   -

== area shapes a skill can choose ==
shape          width   best aim   worst aim
single              1          1           1
flank_up            2          2           1
flank_down          2          2           1
column              3          3           2
wedge_right         3          3           1
wedge_left          3          3           1
pierce              3          3           1
arc_up              3          3           1
arc_down            3          3           1
