== what a unit can be ==
dragon           rồng
                 pokemon.charmander (Charmander)
                 note: Dòng máu chứ không phải hình hài: thứ chảy suốt mấy trăm đời, có khi ngủ yên trọn một kiếp trong kẻ trông chẳng giống rồng chút nào
lizard           thằn lằn
                 pokemon.charmander (Charmander)
                 note: Da vảy, máu lạnh, nằm phơi trên đá cả buổi đợi nắng ngấm vào người — hình hài mà một dòng máu lớn hơn vẫn có thể náu bên trong
plant            thực vật
                 pokemon.bulbasaur (Bulbasaur)
                 note: Thứ biết mọc: rễ cắm xuống tìm nước, lá vươn lên đón nắng, sống được là nhờ cả hai
turtle           rùa
                 pokemon.squirtle (Squirtle)
                 note: Mang cả căn nhà trên lưng: đi tới đâu cũng có sẵn chỗ trú, mưa gió hay đêm lạnh đều chẳng phải tìm
human            con người
                 naruto.naruto (Naruto)
                 note: Không vảy, không mai, không cánh — cái gì cũng phải học mới có

5 kinds declared
