 c0  c1  c2  c3  c4  c5
 BK  MD  FR  FR  MD  BK
 __    __    __
/  \__/A2\__/  \__
\__/  \__/E3\__/  \
/A5\__/A1\__/E4\__/
\__/A4\__/E1\__/E5\
/  \__/A3\__/  \__/
\__/  \__/E2\__/  \
   \__/  \__/  \__/

tag  unit                 hp                        spd   effects
A1   Bulwark              [##########]  4800/4800     80   toughened (always), kinship (always)
A2   Vanguard             [##########]  3600/3600    110   kinship (always)
A3   Sentinel             [##########]  3100/3100     90   kinship (always)
A4   Duelist              [##########]  2600/2600    150   kinship (always)
A5   Skirmisher           [##########]  2200/2200    200   -
E1   Warden               [##########]  4800/4800     80   -
E2   Bramble              [##########]  3600/3600    110   -
E3   Ironclad             [##########]  3100/3100     90   -
E4   Tidecaller           [##########]  2600/2600    150   -
E5   Nightveil            [##########]  2200/2200    200   -

next: A5 E5 A4 E4 A2 E2 A5 E5

  A1  Bulwark enters at 2,1 on the ally side with 4800 health, ground/metal
  A1   holds endurance: toughened x1
  A1   2 of metal: kinship x1 (same_element)
  A2  Vanguard enters at 2,0 on the ally side with 3600 health, fire/metal
  A2   2 of metal: kinship x1 (same_element)
  A3  Sentinel enters at 2,2 on the ally side with 3100 health, water/ice
  A3   2 of ice: kinship x1 (same_element)
  A4  Duelist enters at 1,1 on the ally side with 2600 health, wind/ice
  A4   2 of ice: kinship x1 (same_element)
  A5  Skirmisher enters at 0,1 on the ally side with 2200 health, grass/electric
  E1  Warden enters at 3,1 on the enemy side with 4800 health, fire/ground
  E2  Bramble enters at 3,2 on the enemy side with 3600 health, grass/ice
  E3  Ironclad enters at 3,0 on the enemy side with 3100 health, metal/electric
  E4  Tidecaller enters at 4,1 on the enemy side with 2600 health, water/wind
  E5  Nightveil enters at 5,1 on the enemy side with 2200 health, dark

A5 Skirmisher, turn 1 at 0,1
 1) bolt            neutral    rng 3   single        pow 800    acc 940
 2) venom_fang      grass      rng 1   single        pow 1200   acc 950   cd1  poison 90%
 3) creeping_rot    grass      rng 3   column        pow 700    acc 880   cd3  poison 65%
 4) arc_bolt        electric   rng 3   single        pow 1500   acc 830   cd3  stun 25%

aim bolt at:
 1) 3,0   E3 Ironclad
 2) 3,1   E1 Warden
 3) 3,2   E2 Bramble
 4) 4,1   E4 Tidecaller
 5) 5,1   E5 Nightveil

aim venom_fang at:
 1) 3,0   E3 Ironclad
 2) 3,1   E1 Warden
 3) 3,2   E2 Bramble

aim creeping_rot at:
 1) 3,0   E3 Ironclad, E1 Warden
 2) 3,1   E1 Warden, E3 Ironclad, E2 Bramble
 3) 3,2   E2 Bramble, E1 Warden
 4) 4,1   E4 Tidecaller
 5) 5,1   E5 Nightveil

aim arc_bolt at:
 1) 3,0   E3 Ironclad
 2) 3,1   E1 Warden
 3) 3,2   E2 Bramble
 4) 4,1   E4 Tidecaller
 5) 5,1   E5 Nightveil
